
> rest-express@1.0.0 build
> NODE_OPTIONS='--max-old-space-size=4096' vite build && esbuild server/index.ts --platform=node --packages=external --bundle --format=esm --outdir=dist && node scripts/copy-migrations.js && node scripts/write-version.js

vite v5.4.21 building for production...
transforming...
